left_A_SA_seedNP_d4_le10 seeds [1] obj 140999 dev cov 0.197 UAS all 0.041 UAS cov 0.28
anchors (stNP): 75 words, 0.137 of train tokens
config left_A_SA_seedNP_d4_le10: 2012 train sentences, 289 dev sentences, atoms=['S', 'N', 'NP'], rules={'SA': True, 'forbid_TR': True, 'standard_slots': True}
seed 1: 2012 sentences, 1166 keys (23 cluster keys), pool=7914 init_pool=192 init entries=4439 model=generative (16.7s)
-- stage 0: max_len=3 active=196/2012
round 0: L(M)=63351 L(D|M)=13396 total=76747 parsed=0/196 cats=192 entries=4439 avg/word=3.81 |Q|=1.5 b=0.31 t=0s
   ops: prune=3273 split=0 fail_add=79 merge=0 rename=0 | seconds: prune=8 split=0 fail=1 pair=0 merge=0 rename=0
round 1: L(M)=17346 L(D|M)=7475 total=24821 parsed=108/196 cats=147 entries=1245 avg/word=1.07 |Q|=1.3 b=0.56 t=10s
   ops: prune=47 split=1 fail_add=39 merge=3 rename=0 | seconds: prune=0 split=0 fail=1 pair=0 merge=1 rename=0
round 2: L(M)=17190 L(D|M)=4410 total=21600 parsed=161/196 cats=146 entries=1238 avg/word=1.06 |Q|=1.5 b=0.58 t=12s
   ops: prune=28 split=1 fail_add=24 merge=1 rename=0 | seconds: prune=0 split=0 fail=0 pair=0 merge=1 rename=0
round 3: L(M)=17128 L(D|M)=2908 total=20037 parsed=189/196 cats=148 entries=1235 avg/word=1.06 |Q|=1.9 b=0.58 t=14s
   ops: prune=12 split=0 fail_add=4 merge=2 rename=0 | seconds: prune=0 split=0 fail=0 pair=0 merge=2 rename=0
round 4: L(M)=16987 L(D|M)=2669 total=19656 parsed=193/196 cats=144 entries=1229 avg/word=1.05 |Q|=1.8 b=0.59 t=16s
   ops: prune=8 split=0 fail_add=1 merge=0 rename=0 | seconds: prune=0 split=0 fail=0 pair=0 merge=2 rename=0
round 5: L(M)=16887 L(D|M)=2635 total=19522 parsed=194/196 cats=145 entries=1222 avg/word=1.05 |Q|=1.8 b=0.59 t=18s
-- stage 1: max_len=5 active=673/2012
round 5: L(M)=16887 L(D|M)=54212 total=71099 parsed=202/673 cats=145 entries=1222 avg/word=1.05 |Q|=1.3 b=0.51 t=18s
   ops: prune=0 split=15 fail_add=198 merge=2 rename=0 | seconds: prune=0 split=0 fail=7 pair=0 merge=2 rename=0
round 6: L(M)=20050 L(D|M)=35009 total=55059 parsed=441/673 cats=207 entries=1435 avg/word=1.23 |Q|=2.5 b=0.43 t=28s
   ops: prune=105 split=6 fail_add=103 merge=8 rename=0 | seconds: prune=1 split=2 fail=5 pair=0 merge=11 rename=0
round 7: L(M)=20065 L(D|M)=26255 total=46321 parsed=547/673 cats=218 entries=1438 avg/word=1.23 |Q|=2.6 b=0.42 t=47s
   ops: prune=56 split=1 fail_add=25 merge=5 rename=0 | seconds: prune=3 split=4 fail=2 pair=0 merge=14 rename=0
round 8: L(M)=19606 L(D|M)=24133 total=43739 parsed=574/673 cats=220 entries=1408 avg/word=1.21 |Q|=2.6 b=0.41 t=71s
   ops: prune=13 split=0 fail_add=83 merge=5 rename=0 | seconds: prune=1 split=3 fail=1 pair=5 merge=13 rename=0
round 9: L(M)=21685 L(D|M)=17360 total=39045 parsed=660/673 cats=247 entries=1557 avg/word=1.34 |Q|=3.0 b=0.39 t=94s
   ops: prune=91 split=0 fail_add=1 merge=3 rename=0 | seconds: prune=2 split=4 fail=0 pair=0 merge=19 rename=0
round 10: L(M)=20381 L(D|M)=17290 total=37671 parsed=661/673 cats=240 entries=1468 avg/word=1.26 |Q|=3.0 b=0.40 t=120s
-- stage 2: max_len=7 active=1210/2012
round 10: L(M)=20381 L(D|M)=98373 total=118754 parsed=693/1210 cats=240 entries=1468 avg/word=1.26 |Q|=2.6 b=0.38 t=120s
   ops: prune=2 split=27 fail_add=231 merge=4 rename=0 | seconds: prune=2 split=5 fail=17 pair=0 merge=24 rename=0
round 11: L(M)=24228 L(D|M)=69829 total=94057 parsed=945/1210 cats=296 entries=1723 avg/word=1.48 |Q|=3.2 b=0.34 t=169s
   ops: prune=110 split=4 fail_add=69 merge=4 rename=0 | seconds: prune=4 split=9 fail=7 pair=0 merge=29 rename=0
round 12: L(M)=23756 L(D|M)=62641 total=86397 parsed=1010/1210 cats=305 entries=1686 avg/word=1.45 |Q|=3.2 b=0.33 t=218s
   ops: prune=34 split=2 fail_add=18 merge=1 rename=0 | seconds: prune=5 split=10 fail=3 pair=0 merge=29 rename=0
round 13: L(M)=23569 L(D|M)=60895 total=84464 parsed=1026/1210 cats=311 entries=1672 avg/word=1.43 |Q|=3.2 b=0.33 t=265s
   ops: prune=9 split=3 fail_add=6 merge=0 rename=0 | seconds: prune=5 split=11 fail=3 pair=0 merge=28 rename=0
round 14: L(M)=23567 L(D|M)=60231 total=83798 parsed=1032/1210 cats=311 entries=1672 avg/word=1.43 |Q|=3.3 b=0.33 t=312s
   ops: prune=3 split=1 fail_add=131 merge=5 rename=0 | seconds: prune=5 split=10 fail=2 pair=16 merge=27 rename=0
round 15: L(M)=27398 L(D|M)=46294 total=73692 parsed=1164/1210 cats=369 entries=1932 avg/word=1.66 |Q|=4.0 b=0.30 t=372s
-- stage 3: max_len=10 active=2012/2012
round 15: L(M)=27398 L(D|M)=211625 total=239023 parsed=1220/2012 cats=369 entries=1932 avg/word=1.66 |Q|=3.8 b=0.29 t=372s
   ops: prune=95 split=54 fail_add=277 merge=3 rename=0 | seconds: prune=7 split=17 fail=46 pair=0 merge=52 rename=0
round 16: L(M)=30912 L(D|M)=163481 total=194393 parsed=1542/2012 cats=420 entries=2168 avg/word=1.86 |Q|=4.8 b=0.26 t=494s
   ops: prune=112 split=18 fail_add=108 merge=1 rename=0 | seconds: prune=12 split=35 fail=21 pair=0 merge=52 rename=0
round 17: L(M)=31205 L(D|M)=146914 total=178119 parsed=1657/2012 cats=428 entries=2182 avg/word=1.87 |Q|=5.1 b=0.26 t=614s
   ops: prune=48 split=6 fail_add=29 merge=1 rename=0 | seconds: prune=14 split=41 fail=11 pair=0 merge=44 rename=0
round 18: L(M)=31011 L(D|M)=142874 total=173885 parsed=1686/2012 cats=425 entries=2169 avg/word=1.86 |Q|=5.1 b=0.26 t=725s
   ops: prune=12 split=3 fail_add=10 merge=1 rename=0 | seconds: prune=10 split=39 fail=9 pair=0 merge=51 rename=0
round 19: L(M)=31037 L(D|M)=141312 total=172349 parsed=1697/2012 cats=426 entries=2170 avg/word=1.86 |Q|=5.2 b=0.26 t=835s
   ops: prune=3 split=2 fail_add=220 merge=0 rename=0 | seconds: prune=12 split=43 fail=8 pair=55 merge=66 rename=0
round 20: L(M)=37447 L(D|M)=110056 total=147503 parsed=1918/2012 cats=504 entries=2607 avg/word=2.24 |Q|=6.8 b=0.22 t=1019s
   ops: prune=124 split=8 fail_add=10 merge=2 rename=0 | seconds: prune=17 split=63 fail=6 pair=0 merge=55 rename=0
round 21: L(M)=35912 L(D|M)=108915 total=144827 parsed=1927/2012 cats=495 entries=2501 avg/word=2.14 |Q|=6.8 b=0.22 t=1160s
   ops: prune=15 split=6 fail_add=27 merge=1 rename=0 | seconds: prune=14 split=59 fail=2 pair=11 merge=54 rename=0
round 22: L(M)=36542 L(D|M)=105197 total=141739 parsed=1954/2012 cats=498 entries=2545 avg/word=2.18 |Q|=7.0 b=0.22 t=1302s
   ops: prune=27 split=6 fail_add=3 merge=0 rename=0 | seconds: prune=14 split=60 fail=1 pair=7 merge=57 rename=0
round 23: L(M)=36295 L(D|M)=104826 total=141120 parsed=1957/2012 cats=492 entries=2529 avg/word=2.17 |Q|=7.0 b=0.22 t=1442s
   ops: prune=15 split=5 fail_add=0 merge=0 rename=0 | seconds: prune=15 split=61 fail=1 pair=7 merge=57 rename=0
round 24: L(M)=36141 L(D|M)=104859 total=140999 parsed=1957/2012 cats=489 entries=2519 avg/word=2.16 |Q|=7.0 b=0.22 t=1584s
== seed 1: total=140999 parsed=1957/2012 cats=489 entries=2519 | dev cov=0.197 cov_inlex=0.518 UAS_all=0.041 UAS_cov=0.280 ppl=127.0 (1601s)
