{'argument_structure': (95, 0, 0), 'modifiers': (142, 0, 0), 'determiners': (115, 0, 0), 'aux_sequence': (155, 0, 0), 'vp_coordination': (4, 16, 0), 'right_node_raising': (0, 0, 5), 'nonconstituent_coordination': (0, 0, 5), 'subject_relative': (1, 17, 0), 'object_relative': (7, 13, 0), 'valency_eat': (0, 3, 0), 'multifunction_that': (34, 0, 0), 'nested_clause': (32, 0, 0), 'parasitic_gap': (0, 0, 3), 'gapping': (0, 0, 5), 'comparative': (1, 12, 5)}
--- handwritten_SA
  argument_structure           n= 95 L1=0.24 L2=0.99 L3=0.22 L4=0.21 pair=0.24 | in-lex n= 35 L1=0.66 L3=0.60
  modifiers                    n=142 L1=0.25 L2=0.83 L3=0.21 L4=0.21 pair=0.08 | in-lex n= 56 L1=0.64 L3=0.54
  determiners                  n=115 L1=0.23 L2=0.96 L3=0.23 L4=0.22 pair=0.18 | in-lex n= 39 L1=0.67 L3=0.67
  aux_sequence                 n=155 L1=0.35 L2=0.97 L3=0.34 L4=0.30 pair=0.33 | in-lex n= 73 L1=0.74 L3=0.71
  vp_coordination              n= 20 L1=0.10 L2=1.00 L3=0.00 L4=0.00 pair=0.10 | in-lex n=  4 L1=0.50 L3=0.00
  right_node_raising           n=  5 L1=0.00 L2=1.00 L3=0.00 L4=0.00 pair=0.00 | in-lex n=  4 L1=0.00 L3=0.00
  nonconstituent_coordination  n=  5 L1=0.00 L2=1.00 L3=0.00 L4=0.00 pair=0.00 | in-lex n=  5 L1=0.00 L3=0.00
  subject_relative             n= 18 L1=0.00 L2=1.00 L3=0.00 L4=0.00 pair=0.00 | in-lex n=  1 L1=0.00 L3=0.00
  object_relative              n= 20 L1=0.00 L2=1.00 L3=0.00 L4=0.00 pair=0.00 | in-lex n=  5 L1=0.00 L3=0.00
  valency_eat                  n=  3 L1=0.33 L2=1.00 L3=0.00 L4=0.00 pair=0.33 | in-lex n=  1 L1=1.00 L3=0.00
  multifunction_that           n= 34 L1=0.38 L2=0.68 L3=0.35 L4=0.38 pair=0.06 | in-lex n= 19 L1=0.68 L3=0.63
  nested_clause                n= 32 L1=0.31 L2=0.94 L3=0.25 L4=0.12 pair=0.25 | in-lex n= 18 L1=0.56 L3=0.44
  parasitic_gap                n=  3 L1=0.00 L2=1.00 L3=0.00 L4=0.00 pair=0.00 | in-lex n=  1 L1=0.00 L3=0.00
  gapping                      n=  5 L1=0.00 L2=1.00 L3=0.00 L4=0.00 pair=0.00 | in-lex n=  4 L1=0.00 L3=0.00
  comparative                  n= 18 L1=0.22 L2=1.00 L3=0.17 L4=0.22 pair=0.22 | in-lex n=  4 L1=1.00 L3=0.75
--- handwritten_TR
  argument_structure           n= 95 L1=0.25 L2=0.99 L3=0.24 L4=0.22 pair=0.25 | in-lex n= 35 L1=0.69 L3=0.66
  modifiers                    n=142 L1=0.26 L2=0.82 L3=0.22 L4=0.23 pair=0.08 | in-lex n= 56 L1=0.66 L3=0.55
  determiners                  n=115 L1=0.23 L2=0.96 L3=0.23 L4=0.23 pair=0.19 | in-lex n= 39 L1=0.69 L3=0.69
  aux_sequence                 n=155 L1=0.36 L2=0.96 L3=0.35 L4=0.34 pair=0.33 | in-lex n= 73 L1=0.77 L3=0.74
  vp_coordination              n= 20 L1=0.10 L2=1.00 L3=0.00 L4=0.00 pair=0.10 | in-lex n=  4 L1=0.50 L3=0.00
  right_node_raising           n=  5 L1=0.00 L2=1.00 L3=0.00 L4=0.00 pair=0.00 | in-lex n=  4 L1=0.00 L3=0.00
  nonconstituent_coordination  n=  5 L1=0.00 L2=1.00 L3=0.00 L4=0.00 pair=0.00 | in-lex n=  5 L1=0.00 L3=0.00
  subject_relative             n= 18 L1=0.00 L2=1.00 L3=0.00 L4=0.00 pair=0.00 | in-lex n=  1 L1=0.00 L3=0.00
  object_relative              n= 20 L1=0.00 L2=1.00 L3=0.00 L4=0.00 pair=0.00 | in-lex n=  5 L1=0.00 L3=0.00
  valency_eat                  n=  3 L1=0.33 L2=1.00 L3=0.00 L4=0.00 pair=0.33 | in-lex n=  1 L1=1.00 L3=0.00
  multifunction_that           n= 34 L1=0.38 L2=0.68 L3=0.35 L4=0.38 pair=0.06 | in-lex n= 19 L1=0.68 L3=0.63
  nested_clause                n= 32 L1=0.31 L2=0.94 L3=0.25 L4=0.22 pair=0.25 | in-lex n= 18 L1=0.56 L3=0.44
  parasitic_gap                n=  3 L1=0.00 L2=1.00 L3=0.00 L4=0.00 pair=0.00 | in-lex n=  1 L1=0.00 L3=0.00
  gapping                      n=  5 L1=0.00 L2=1.00 L3=0.00 L4=0.00 pair=0.00 | in-lex n=  4 L1=0.00 L3=0.00
  comparative                  n= 18 L1=0.22 L2=1.00 L3=0.17 L4=0.22 pair=0.22 | in-lex n=  4 L1=1.00 L3=0.75
