{'argument_structure': (95, 0, 0), 'modifiers': (142, 0, 0), 'determiners': (115, 0, 0), 'aux_sequence': (155, 0, 0), 'vp_coordination': (4, 16, 0), 'right_node_raising': (0, 0, 5), 'nonconstituent_coordination': (0, 0, 5), 'subject_relative': (1, 17, 0), 'object_relative': (7, 13, 0), 'valency_eat': (0, 3, 0), 'multifunction_that': (34, 0, 0), 'nested_clause': (32, 0, 0), 'parasitic_gap': (0, 0, 3), 'gapping': (0, 0, 5), 'comparative': (1, 12, 5)}
--- handwritten_SA
  argument_structure           n= 95 L1=0.24 L2=0.99 L3=0.22 L4=0.21 pair=0.24 | in-lex n= 35 L1=0.66 L3=0.60
  modifiers                    n=142 L1=0.25 L2=0.83 L3=0.21 L4=0.21 pair=0.08 | in-lex n= 56 L1=0.64 L3=0.54
  determiners                  n=115 L1=0.23 L2=0.96 L3=0.23 L4=0.22 pair=0.18 | in-lex n= 39 L1=0.67 L3=0.67
  aux_sequence                 n=155 L1=0.35 L2=0.97 L3=0.34 L4=0.30 pair=0.33 | in-lex n= 73 L1=0.74 L3=0.71
  vp_coordination              n= 20 L1=0.10 L2=1.00 L3=0.10 L4=0.00 pair=0.10 | in-lex n=  4 L1=0.50 L3=0.50
  right_node_raising           n=  5 L1=0.00 L2=1.00 L3=0.00 L4=0.00 pair=0.00 | in-lex n=  4 L1=0.00 L3=0.00
  nonconstituent_coordination  n=  5 L1=0.00 L2=1.00 L3=0.00 L4=0.00 pair=0.00 | in-lex n=  5 L1=0.00 L3=0.00
  subject_relative             n= 18 L1=0.00 L2=1.00 L3=0.00 L4=0.00 pair=0.00 | in-lex n=  1 L1=0.00 L3=0.00
  object_relative              n= 20 L1=0.00 L2=1.00 L3=0.00 L4=0.00 pair=0.00 | in-lex n=  5 L1=0.00 L3=0.00
  valency_eat                  n=  3 L1=0.33 L2=1.00 L3=0.00 L4=0.00 pair=0.33 | in-lex n=  1 L1=1.00 L3=0.00
  multifunction_that           n= 34 L1=0.38 L2=0.68 L3=0.35 L4=0.38 pair=0.06 | in-lex n= 19 L1=0.68 L3=0.63
  nested_clause                n= 32 L1=0.31 L2=0.94 L3=0.25 L4=0.12 pair=0.25 | in-lex n= 18 L1=0.56 L3=0.44
  parasitic_gap                n=  3 L1=0.00 L2=1.00 L3=0.00 L4=0.00 pair=0.00 | in-lex n=  1 L1=0.00 L3=0.00
  gapping                      n=  5 L1=0.00 L2=1.00 L3=0.00 L4=0.00 pair=0.00 | in-lex n=  4 L1=0.00 L3=0.00
  comparative                  n= 18 L1=0.22 L2=1.00 L3=0.17 L4=0.22 pair=0.22 | in-lex n=  4 L1=1.00 L3=0.75
--- handwritten_TR
  argument_structure           n= 95 L1=0.25 L2=0.99 L3=0.24 L4=0.22 pair=0.25 | in-lex n= 35 L1=0.69 L3=0.66
  modifiers                    n=142 L1=0.26 L2=0.82 L3=0.22 L4=0.23 pair=0.08 | in-lex n= 56 L1=0.66 L3=0.55
  determiners                  n=115 L1=0.23 L2=0.96 L3=0.23 L4=0.23 pair=0.19 | in-lex n= 39 L1=0.69 L3=0.69
  aux_sequence                 n=155 L1=0.36 L2=0.96 L3=0.35 L4=0.34 pair=0.33 | in-lex n= 73 L1=0.77 L3=0.74
  vp_coordination              n= 20 L1=0.10 L2=1.00 L3=0.10 L4=0.00 pair=0.10 | in-lex n=  4 L1=0.50 L3=0.50
  right_node_raising           n=  5 L1=0.00 L2=1.00 L3=0.00 L4=0.00 pair=0.00 | in-lex n=  4 L1=0.00 L3=0.00
  nonconstituent_coordination  n=  5 L1=0.00 L2=1.00 L3=0.00 L4=0.00 pair=0.00 | in-lex n=  5 L1=0.00 L3=0.00
  subject_relative             n= 18 L1=0.00 L2=1.00 L3=0.00 L4=0.00 pair=0.00 | in-lex n=  1 L1=0.00 L3=0.00
  object_relative              n= 20 L1=0.00 L2=1.00 L3=0.00 L4=0.00 pair=0.00 | in-lex n=  5 L1=0.00 L3=0.00
  valency_eat                  n=  3 L1=0.33 L2=1.00 L3=0.00 L4=0.00 pair=0.33 | in-lex n=  1 L1=1.00 L3=0.00
  multifunction_that           n= 34 L1=0.38 L2=0.68 L3=0.35 L4=0.38 pair=0.06 | in-lex n= 19 L1=0.68 L3=0.63
  nested_clause                n= 32 L1=0.31 L2=0.94 L3=0.25 L4=0.22 pair=0.25 | in-lex n= 18 L1=0.56 L3=0.44
  parasitic_gap                n=  3 L1=0.00 L2=1.00 L3=0.00 L4=0.00 pair=0.00 | in-lex n=  1 L1=0.00 L3=0.00
  gapping                      n=  5 L1=0.00 L2=1.00 L3=0.00 L4=0.00 pair=0.00 | in-lex n=  4 L1=0.00 L3=0.00
  comparative                  n= 18 L1=0.22 L2=1.00 L3=0.17 L4=0.22 pair=0.22 | in-lex n=  4 L1=1.00 L3=0.75
--- induction_left_A_SA_seedC_d4_le10_seed1
  argument_structure           n= 95 L1=0.05 L2=0.99 L3=0.02 L4=0.05 pair=0.04 | in-lex n= 25 L1=0.20 L3=0.08
  modifiers                    n=142 L1=0.11 L2=0.91 L3=0.04 L4=0.11 pair=0.03 | in-lex n= 50 L1=0.32 L3=0.12
  determiners                  n=115 L1=0.09 L2=0.96 L3=0.07 L4=0.09 pair=0.06 | in-lex n= 32 L1=0.31 L3=0.25
  aux_sequence                 n=155 L1=0.16 L2=0.94 L3=0.08 L4=0.16 pair=0.10 | in-lex n= 62 L1=0.40 L3=0.19
  vp_coordination              n= 20 L1=0.75 L2=0.75 L3=0.10 L4=0.25 pair=0.50 | in-lex n= 17 L1=0.88 L3=0.12
  right_node_raising           n=  5 L1=0.00 L2=1.00 L3=0.00 L4=0.00 pair=0.00 | in-lex n=  2 L1=0.00 L3=0.00
  nonconstituent_coordination  n=  5 L1=0.00 L2=1.00 L3=0.00 L4=0.00 pair=0.00 | in-lex n=  3 L1=0.00 L3=0.00
  subject_relative             n= 18 L1=0.83 L2=0.61 L3=0.11 L4=0.61 pair=0.44 | in-lex n= 17 L1=0.88 L3=0.12
  object_relative              n= 20 L1=0.70 L2=0.65 L3=0.00 L4=0.55 pair=0.35 | in-lex n= 16 L1=0.88 L3=0.00
  valency_eat                  n=  3 L1=0.67 L2=0.67 L3=0.00 L4=0.67 pair=0.33 | in-lex n=  3 L1=0.67 L3=0.00
  multifunction_that           n= 34 L1=0.32 L2=0.68 L3=0.09 L4=0.15 pair=0.03 | in-lex n= 19 L1=0.58 L3=0.16
  nested_clause                n= 32 L1=0.12 L2=0.91 L3=0.06 L4=0.12 pair=0.06 | in-lex n= 15 L1=0.27 L3=0.13
  parasitic_gap                n=  3 L1=0.00 L2=1.00 L3=0.00 L4=0.00 pair=0.00 | in-lex n=  1 L1=0.00 L3=0.00
  gapping                      n=  5 L1=0.00 L2=1.00 L3=0.00 L4=0.00 pair=0.00 | in-lex n=  0 L1=nan L3=nan
  comparative                  n= 18 L1=0.61 L2=0.50 L3=0.28 L4=0.61 pair=0.11 | in-lex n= 13 L1=0.85 L3=0.38
--- induction_left_A_SA_seedC_d4_le10_seed2
  argument_structure           n= 95 L1=0.05 L2=0.97 L3=0.01 L4=0.05 pair=0.03 | in-lex n= 25 L1=0.20 L3=0.04
  modifiers                    n=142 L1=0.10 L2=0.89 L3=0.02 L4=0.10 pair=0.01 | in-lex n= 50 L1=0.28 L3=0.06
  determiners                  n=115 L1=0.03 L2=0.97 L3=0.03 L4=0.03 pair=0.01 | in-lex n= 32 L1=0.09 L3=0.09
  aux_sequence                 n=155 L1=0.15 L2=0.93 L3=0.09 L4=0.15 pair=0.08 | in-lex n= 62 L1=0.37 L3=0.23
  vp_coordination              n= 20 L1=0.80 L2=0.75 L3=0.20 L4=0.10 pair=0.55 | in-lex n= 17 L1=0.94 L3=0.24
  right_node_raising           n=  5 L1=0.00 L2=1.00 L3=0.00 L4=0.00 pair=0.00 | in-lex n=  2 L1=0.00 L3=0.00
  nonconstituent_coordination  n=  5 L1=0.00 L2=1.00 L3=0.00 L4=0.00 pair=0.00 | in-lex n=  3 L1=0.00 L3=0.00
  subject_relative             n= 18 L1=0.83 L2=0.67 L3=0.00 L4=0.67 pair=0.50 | in-lex n= 17 L1=0.88 L3=0.00
  object_relative              n= 20 L1=0.70 L2=0.75 L3=0.00 L4=0.55 pair=0.45 | in-lex n= 16 L1=0.88 L3=0.00
  valency_eat                  n=  3 L1=0.67 L2=1.00 L3=0.00 L4=0.67 pair=0.67 | in-lex n=  3 L1=0.67 L3=0.00
  multifunction_that           n= 34 L1=0.26 L2=0.85 L3=0.15 L4=0.24 pair=0.12 | in-lex n= 19 L1=0.47 L3=0.26
  nested_clause                n= 32 L1=0.12 L2=0.94 L3=0.00 L4=0.12 pair=0.06 | in-lex n= 15 L1=0.27 L3=0.00
  parasitic_gap                n=  3 L1=0.00 L2=1.00 L3=0.00 L4=0.00 pair=0.00 | in-lex n=  1 L1=0.00 L3=0.00
  gapping                      n=  5 L1=0.00 L2=1.00 L3=0.00 L4=0.00 pair=0.00 | in-lex n=  0 L1=nan L3=nan
  comparative                  n= 18 L1=0.72 L2=0.61 L3=0.33 L4=0.72 pair=0.33 | in-lex n= 13 L1=1.00 L3=0.46
--- induction_left_A_SA_seedC_d4_le10_seed3
  argument_structure           n= 95 L1=0.07 L2=0.98 L3=0.04 L4=0.07 pair=0.05 | in-lex n= 25 L1=0.28 L3=0.16
  modifiers                    n=142 L1=0.15 L2=0.89 L3=0.06 L4=0.15 pair=0.04 | in-lex n= 50 L1=0.42 L3=0.16
  determiners                  n=115 L1=0.11 L2=0.96 L3=0.09 L4=0.11 pair=0.07 | in-lex n= 32 L1=0.41 L3=0.31
  aux_sequence                 n=155 L1=0.19 L2=0.90 L3=0.09 L4=0.19 pair=0.10 | in-lex n= 62 L1=0.48 L3=0.23
  vp_coordination              n= 20 L1=0.80 L2=0.75 L3=0.15 L4=0.20 pair=0.55 | in-lex n= 17 L1=0.94 L3=0.18
  right_node_raising           n=  5 L1=0.00 L2=1.00 L3=0.00 L4=0.00 pair=0.00 | in-lex n=  2 L1=0.00 L3=0.00
  nonconstituent_coordination  n=  5 L1=0.00 L2=1.00 L3=0.00 L4=0.00 pair=0.00 | in-lex n=  3 L1=0.00 L3=0.00
  subject_relative             n= 18 L1=0.83 L2=0.72 L3=0.06 L4=0.61 pair=0.56 | in-lex n= 17 L1=0.88 L3=0.06
  object_relative              n= 20 L1=0.70 L2=0.70 L3=0.00 L4=0.60 pair=0.40 | in-lex n= 16 L1=0.88 L3=0.00
  valency_eat                  n=  3 L1=0.67 L2=0.67 L3=0.00 L4=0.67 pair=0.33 | in-lex n=  3 L1=0.67 L3=0.00
  multifunction_that           n= 34 L1=0.32 L2=0.76 L3=0.21 L4=0.24 pair=0.09 | in-lex n= 19 L1=0.58 L3=0.37
  nested_clause                n= 32 L1=0.12 L2=0.94 L3=0.03 L4=0.12 pair=0.06 | in-lex n= 15 L1=0.27 L3=0.07
  parasitic_gap                n=  3 L1=0.00 L2=1.00 L3=0.00 L4=0.00 pair=0.00 | in-lex n=  1 L1=0.00 L3=0.00
  gapping                      n=  5 L1=0.00 L2=1.00 L3=0.00 L4=0.00 pair=0.00 | in-lex n=  0 L1=nan L3=nan
  comparative                  n= 18 L1=0.67 L2=0.39 L3=0.28 L4=0.67 pair=0.06 | in-lex n= 13 L1=0.92 L3=0.38
--- induction_left_A_SA_seedH_d4_le10_seed1
  argument_structure           n= 95 L1=0.05 L2=0.99 L3=0.02 L4=0.05 pair=0.04 | in-lex n= 25 L1=0.20 L3=0.08
  modifiers                    n=142 L1=0.14 L2=0.87 L3=0.01 L4=0.14 pair=0.01 | in-lex n= 50 L1=0.40 L3=0.04
  determiners                  n=115 L1=0.11 L2=0.91 L3=0.06 L4=0.11 pair=0.04 | in-lex n= 32 L1=0.41 L3=0.22
  aux_sequence                 n=155 L1=0.18 L2=0.95 L3=0.06 L4=0.18 pair=0.14 | in-lex n= 62 L1=0.45 L3=0.15
  vp_coordination              n= 20 L1=0.75 L2=0.60 L3=0.00 L4=0.20 pair=0.35 | in-lex n= 17 L1=0.88 L3=0.00
  right_node_raising           n=  5 L1=0.20 L2=1.00 L3=0.00 L4=0.00 pair=0.20 | in-lex n=  2 L1=0.50 L3=0.00
  nonconstituent_coordination  n=  5 L1=0.00 L2=1.00 L3=0.00 L4=0.00 pair=0.00 | in-lex n=  3 L1=0.00 L3=0.00
  subject_relative             n= 18 L1=0.89 L2=0.61 L3=0.06 L4=0.78 pair=0.50 | in-lex n= 17 L1=0.94 L3=0.06
  object_relative              n= 20 L1=0.75 L2=0.70 L3=0.05 L4=0.65 pair=0.45 | in-lex n= 16 L1=0.94 L3=0.06
  valency_eat                  n=  3 L1=1.00 L2=0.33 L3=0.00 L4=1.00 pair=0.33 | in-lex n=  3 L1=1.00 L3=0.00
  multifunction_that           n= 34 L1=0.47 L2=0.56 L3=0.21 L4=0.41 pair=0.03 | in-lex n= 19 L1=0.84 L3=0.37
  nested_clause                n= 32 L1=0.16 L2=0.94 L3=0.03 L4=0.16 pair=0.09 | in-lex n= 15 L1=0.33 L3=0.07
  parasitic_gap                n=  3 L1=0.00 L2=1.00 L3=0.00 L4=0.00 pair=0.00 | in-lex n=  1 L1=0.00 L3=0.00
  gapping                      n=  5 L1=0.00 L2=1.00 L3=0.00 L4=0.00 pair=0.00 | in-lex n=  0 L1=nan L3=nan
  comparative                  n= 18 L1=0.56 L2=0.56 L3=0.11 L4=0.56 pair=0.11 | in-lex n= 13 L1=0.77 L3=0.15
--- induction_left_A_SA_seedH_d4_le10_seed2
  argument_structure           n= 95 L1=0.08 L2=0.95 L3=0.05 L4=0.08 pair=0.05 | in-lex n= 25 L1=0.32 L3=0.20
  modifiers                    n=142 L1=0.16 L2=0.88 L3=0.01 L4=0.16 pair=0.05 | in-lex n= 50 L1=0.46 L3=0.02
  determiners                  n=115 L1=0.15 L2=0.93 L3=0.03 L4=0.15 pair=0.08 | in-lex n= 32 L1=0.53 L3=0.12
  aux_sequence                 n=155 L1=0.23 L2=0.89 L3=0.07 L4=0.23 pair=0.14 | in-lex n= 62 L1=0.56 L3=0.18
  vp_coordination              n= 20 L1=0.80 L2=0.75 L3=0.10 L4=0.20 pair=0.55 | in-lex n= 17 L1=0.94 L3=0.12
  right_node_raising           n=  5 L1=0.00 L2=1.00 L3=0.00 L4=0.00 pair=0.00 | in-lex n=  2 L1=0.00 L3=0.00
  nonconstituent_coordination  n=  5 L1=0.00 L2=1.00 L3=0.00 L4=0.00 pair=0.00 | in-lex n=  3 L1=0.00 L3=0.00
  subject_relative             n= 18 L1=0.89 L2=0.67 L3=0.06 L4=0.61 pair=0.56 | in-lex n= 17 L1=0.94 L3=0.06
  object_relative              n= 20 L1=0.75 L2=0.75 L3=0.00 L4=0.60 pair=0.50 | in-lex n= 16 L1=0.94 L3=0.00
  valency_eat                  n=  3 L1=1.00 L2=0.67 L3=0.00 L4=1.00 pair=0.67 | in-lex n=  3 L1=1.00 L3=0.00
  multifunction_that           n= 34 L1=0.41 L2=0.76 L3=0.09 L4=0.32 pair=0.18 | in-lex n= 19 L1=0.74 L3=0.16
  nested_clause                n= 32 L1=0.06 L2=0.94 L3=0.03 L4=0.06 pair=0.03 | in-lex n= 15 L1=0.13 L3=0.07
  parasitic_gap                n=  3 L1=0.33 L2=0.67 L3=0.00 L4=0.33 pair=0.00 | in-lex n=  1 L1=1.00 L3=0.00
  gapping                      n=  5 L1=0.00 L2=1.00 L3=0.00 L4=0.00 pair=0.00 | in-lex n=  0 L1=nan L3=nan
  comparative                  n= 18 L1=0.67 L2=0.39 L3=0.28 L4=0.67 pair=0.06 | in-lex n= 13 L1=0.92 L3=0.38
